  C3_Exercise_15_LCaster_Task5.cpp
C:\Users\Mishel Ramirez\ComputacionGrafica\OpenGL\OpenGL_Stuff\include\learnopengl\shader.h(55,40): warning C4101: 'e': variable local sin referencia
  (compilando archivo de origen "C3_Exercise_15_LCaster_Task5.cpp")
  
C:\Users\Mishel Ramirez\ComputacionGrafica\OpenGL\OpenGL\C3_Exercise_15_LCaster_Task5.cpp(218,25): warning C4244: 'inicializando': conversión de 'double' a 'float'; posible pérdida de datos
C:\Users\Mishel Ramirez\ComputacionGrafica\OpenGL\OpenGL\C3_Exercise_15_LCaster_Task5.cpp(247,24): warning C4244: 'inicializando': conversión de 'double' a 'float'; posible pérdida de datos
C:\Users\Mishel Ramirez\ComputacionGrafica\OpenGL\OpenGL\C3_Exercise_15_LCaster_Task5.cpp(256,135): warning C4244: 'argumento': conversión de 'double' a 'float'; posible pérdida de datos
C:\Users\Mishel Ramirez\ComputacionGrafica\OpenGL\OpenGL\C3_Exercise_15_LCaster_Task5.cpp(256,106): warning C4244: 'argumento': conversión de 'double' a 'float'; posible pérdida de datos
C:\Users\Mishel Ramirez\ComputacionGrafica\OpenGL\OpenGL\C3_Exercise_15_LCaster_Task5.cpp(256,77): warning C4244: 'argumento': conversión de 'double' a 'float'; posible pérdida de datos
C:\Users\Mishel Ramirez\ComputacionGrafica\OpenGL\OpenGL\C3_Exercise_15_LCaster_Task5.cpp(260,55): warning C4305: 'argumento': truncamiento de 'double' a 'float'
C:\Users\Mishel Ramirez\ComputacionGrafica\OpenGL\OpenGL\C3_Exercise_15_LCaster_Task5.cpp(261,58): warning C4305: 'argumento': truncamiento de 'double' a 'float'
C:\Users\Mishel Ramirez\ComputacionGrafica\OpenGL\OpenGL\C3_Exercise_15_LCaster_Task5.cpp(264,135): warning C4244: 'argumento': conversión de 'double' a 'float'; posible pérdida de datos
C:\Users\Mishel Ramirez\ComputacionGrafica\OpenGL\OpenGL\C3_Exercise_15_LCaster_Task5.cpp(264,106): warning C4244: 'argumento': conversión de 'double' a 'float'; posible pérdida de datos
C:\Users\Mishel Ramirez\ComputacionGrafica\OpenGL\OpenGL\C3_Exercise_15_LCaster_Task5.cpp(264,77): warning C4244: 'argumento': conversión de 'double' a 'float'; posible pérdida de datos
C:\Users\Mishel Ramirez\ComputacionGrafica\OpenGL\OpenGL\C3_Exercise_15_LCaster_Task5.cpp(269,58): warning C4305: 'argumento': truncamiento de 'double' a 'float'
C:\Users\Mishel Ramirez\ComputacionGrafica\OpenGL\OpenGL\C3_Exercise_15_LCaster_Task5.cpp(272,135): warning C4244: 'argumento': conversión de 'double' a 'float'; posible pérdida de datos
C:\Users\Mishel Ramirez\ComputacionGrafica\OpenGL\OpenGL\C3_Exercise_15_LCaster_Task5.cpp(272,106): warning C4244: 'argumento': conversión de 'double' a 'float'; posible pérdida de datos
C:\Users\Mishel Ramirez\ComputacionGrafica\OpenGL\OpenGL\C3_Exercise_15_LCaster_Task5.cpp(272,77): warning C4244: 'argumento': conversión de 'double' a 'float'; posible pérdida de datos
C:\Users\Mishel Ramirez\ComputacionGrafica\OpenGL\OpenGL\C3_Exercise_15_LCaster_Task5.cpp(276,55): warning C4305: 'argumento': truncamiento de 'double' a 'float'
C:\Users\Mishel Ramirez\ComputacionGrafica\OpenGL\OpenGL\C3_Exercise_15_LCaster_Task5.cpp(277,58): warning C4305: 'argumento': truncamiento de 'double' a 'float'
C:\Users\Mishel Ramirez\ComputacionGrafica\OpenGL\OpenGL\C3_Exercise_15_LCaster_Task5.cpp(280,135): warning C4244: 'argumento': conversión de 'double' a 'float'; posible pérdida de datos
C:\Users\Mishel Ramirez\ComputacionGrafica\OpenGL\OpenGL\C3_Exercise_15_LCaster_Task5.cpp(280,106): warning C4244: 'argumento': conversión de 'double' a 'float'; posible pérdida de datos
C:\Users\Mishel Ramirez\ComputacionGrafica\OpenGL\OpenGL\C3_Exercise_15_LCaster_Task5.cpp(280,77): warning C4244: 'argumento': conversión de 'double' a 'float'; posible pérdida de datos
C:\Users\Mishel Ramirez\ComputacionGrafica\OpenGL\OpenGL\C3_Exercise_15_LCaster_Task5.cpp(284,55): warning C4305: 'argumento': truncamiento de 'double' a 'float'
C:\Users\Mishel Ramirez\ComputacionGrafica\OpenGL\OpenGL\C3_Exercise_15_LCaster_Task5.cpp(285,58): warning C4305: 'argumento': truncamiento de 'double' a 'float'
C:\Users\Mishel Ramirez\ComputacionGrafica\OpenGL\OpenGL\C3_Exercise_15_LCaster_Task5.cpp(293,50): warning C4305: 'argumento': truncamiento de 'double' a 'float'
C:\Users\Mishel Ramirez\ComputacionGrafica\OpenGL\OpenGL\C3_Exercise_15_LCaster_Task5.cpp(294,53): warning C4305: 'argumento': truncamiento de 'double' a 'float'
C:\Users\Mishel Ramirez\ComputacionGrafica\OpenGL\OpenGL\C3_Exercise_15_LCaster_Task5.cpp(409,17): warning C4244: '=': conversión de 'double' a 'float'; posible pérdida de datos
C:\Users\Mishel Ramirez\ComputacionGrafica\OpenGL\OpenGL\C3_Exercise_15_LCaster_Task5.cpp(410,17): warning C4244: '=': conversión de 'double' a 'float'; posible pérdida de datos
C:\Users\Mishel Ramirez\ComputacionGrafica\OpenGL\OpenGL\C3_Exercise_15_LCaster_Task5.cpp(414,19): warning C4244: 'inicializando': conversión de 'double' a 'float'; posible pérdida de datos
C:\Users\Mishel Ramirez\ComputacionGrafica\OpenGL\OpenGL\C3_Exercise_15_LCaster_Task5.cpp(415,19): warning C4244: 'inicializando': conversión de 'double' a 'float'; posible pérdida de datos
C:\Users\Mishel Ramirez\ComputacionGrafica\OpenGL\OpenGL\C3_Exercise_15_LCaster_Task5.cpp(417,13): warning C4244: '=': conversión de 'double' a 'float'; posible pérdida de datos
C:\Users\Mishel Ramirez\ComputacionGrafica\OpenGL\OpenGL\C3_Exercise_15_LCaster_Task5.cpp(418,13): warning C4244: '=': conversión de 'double' a 'float'; posible pérdida de datos
C:\Users\Mishel Ramirez\ComputacionGrafica\OpenGL\OpenGL\C3_Exercise_15_LCaster_Task5.cpp(427,31): warning C4244: 'argumento': conversión de 'double' a 'float'; posible pérdida de datos
glfw3.lib(init.obj) : warning LNK4099: no se encontró PDB '' con 'glfw3.lib(init.obj)' o en ''; se vinculará el objeto sin tener en cuenta información de depuración
glfw3.lib(window.obj) : warning LNK4099: no se encontró PDB '' con 'glfw3.lib(window.obj)' o en ''; se vinculará el objeto sin tener en cuenta información de depuración
glfw3.lib(input.obj) : warning LNK4099: no se encontró PDB '' con 'glfw3.lib(input.obj)' o en ''; se vinculará el objeto sin tener en cuenta información de depuración
glfw3.lib(context.obj) : warning LNK4099: no se encontró PDB '' con 'glfw3.lib(context.obj)' o en ''; se vinculará el objeto sin tener en cuenta información de depuración
glfw3.lib(win32_time.obj) : warning LNK4099: no se encontró PDB '' con 'glfw3.lib(win32_time.obj)' o en ''; se vinculará el objeto sin tener en cuenta información de depuración
glfw3.lib(win32_thread.obj) : warning LNK4099: no se encontró PDB '' con 'glfw3.lib(win32_thread.obj)' o en ''; se vinculará el objeto sin tener en cuenta información de depuración
glfw3.lib(platform.obj) : warning LNK4099: no se encontró PDB '' con 'glfw3.lib(platform.obj)' o en ''; se vinculará el objeto sin tener en cuenta información de depuración
glfw3.lib(monitor.obj) : warning LNK4099: no se encontró PDB '' con 'glfw3.lib(monitor.obj)' o en ''; se vinculará el objeto sin tener en cuenta información de depuración
glfw3.lib(vulkan.obj) : warning LNK4099: no se encontró PDB '' con 'glfw3.lib(vulkan.obj)' o en ''; se vinculará el objeto sin tener en cuenta información de depuración
glfw3.lib(win32_init.obj) : warning LNK4099: no se encontró PDB '' con 'glfw3.lib(win32_init.obj)' o en ''; se vinculará el objeto sin tener en cuenta información de depuración
glfw3.lib(null_init.obj) : warning LNK4099: no se encontró PDB '' con 'glfw3.lib(null_init.obj)' o en ''; se vinculará el objeto sin tener en cuenta información de depuración
glfw3.lib(win32_module.obj) : warning LNK4099: no se encontró PDB '' con 'glfw3.lib(win32_module.obj)' o en ''; se vinculará el objeto sin tener en cuenta información de depuración
glfw3.lib(win32_monitor.obj) : warning LNK4099: no se encontró PDB '' con 'glfw3.lib(win32_monitor.obj)' o en ''; se vinculará el objeto sin tener en cuenta información de depuración
glfw3.lib(win32_window.obj) : warning LNK4099: no se encontró PDB '' con 'glfw3.lib(win32_window.obj)' o en ''; se vinculará el objeto sin tener en cuenta información de depuración
glfw3.lib(win32_joystick.obj) : warning LNK4099: no se encontró PDB '' con 'glfw3.lib(win32_joystick.obj)' o en ''; se vinculará el objeto sin tener en cuenta información de depuración
glfw3.lib(wgl_context.obj) : warning LNK4099: no se encontró PDB '' con 'glfw3.lib(wgl_context.obj)' o en ''; se vinculará el objeto sin tener en cuenta información de depuración
glfw3.lib(egl_context.obj) : warning LNK4099: no se encontró PDB '' con 'glfw3.lib(egl_context.obj)' o en ''; se vinculará el objeto sin tener en cuenta información de depuración
glfw3.lib(osmesa_context.obj) : warning LNK4099: no se encontró PDB '' con 'glfw3.lib(osmesa_context.obj)' o en ''; se vinculará el objeto sin tener en cuenta información de depuración
glfw3.lib(null_monitor.obj) : warning LNK4099: no se encontró PDB '' con 'glfw3.lib(null_monitor.obj)' o en ''; se vinculará el objeto sin tener en cuenta información de depuración
glfw3.lib(null_window.obj) : warning LNK4099: no se encontró PDB '' con 'glfw3.lib(null_window.obj)' o en ''; se vinculará el objeto sin tener en cuenta información de depuración
glfw3.lib(null_joystick.obj) : warning LNK4099: no se encontró PDB '' con 'glfw3.lib(null_joystick.obj)' o en ''; se vinculará el objeto sin tener en cuenta información de depuración
  OpenGL.vcxproj -> C:\Users\Mishel Ramirez\ComputacionGrafica\OpenGL\x64\Debug\OpenGL.exe
